Release 6.1.03i - xst G.26
Copyright (c) 1995-2003 Xilinx, Inc.  All rights reserved.
--> Parameter TMPDIR set to __projnav
CPU : 0.00 / 0.25 s | Elapsed : 0.00 / 0.00 s
 
--> Parameter xsthdpdir set to ./xst
CPU : 0.00 / 0.25 s | Elapsed : 0.00 / 0.00 s
 
--> Reading design: dpram.prj

TABLE OF CONTENTS
  1) Synthesis Options Summary
  2) HDL Compilation
  3) HDL Analysis
  4) HDL Synthesis
     4.1) HDL Synthesis Report
  5) Advanced HDL Synthesis
  6) Low Level Synthesis
  7) Final Report
     7.1) Device utilization summary
     7.2) TIMING REPORT


=========================================================================
*                      Synthesis Options Summary                        *
=========================================================================
---- Source Parameters
Input File Name                    : dpram.prj
Input Format                       : mixed
Ignore Synthesis Constraint File   : NO
Verilog Include Directory          : 

---- Target Parameters
Output File Name                   : dpram
Output Format                      : NGC
Target Device                      : xc2s100-5-tq144

---- Source Options
Top Module Name                    : dpram
Automatic FSM Extraction           : YES
FSM Encoding Algorithm             : Auto
FSM Style                          : lut
RAM Extraction                     : Yes
RAM Style                          : Auto
ROM Extraction                     : Yes
ROM Style                          : Auto
Mux Extraction                     : YES
Mux Style                          : Auto
Decoder Extraction                 : YES
Priority Encoder Extraction        : YES
Shift Register Extraction          : YES
Logical Shifter Extraction         : YES
XOR Collapsing                     : YES
Resource Sharing                   : YES
Multiplier Style                   : lut
Automatic Register Balancing       : No

---- Target Options
Add IO Buffers                     : YES
Global Maximum Fanout              : 100
Add Generic Clock Buffer(BUFG)     : 4
Register Duplication               : YES
Equivalent register Removal        : YES
Slice Packing                      : YES
Pack IO Registers into IOBs        : auto

---- General Options
Optimization Goal                  : Speed
Optimization Effort                : 1
Keep Hierarchy                     : NO
Global Optimization                : AllClockNets
RTL Output                         : Yes
Write Timing Constraints           : NO
Hierarchy Separator                : _
Bus Delimiter                      : <>
Case Specifier                     : maintain
Slice Utilization Ratio            : 100
Slice Utilization Ratio Delta      : 5

---- Other Options
lso                                : dpram.lso
Read Cores                         : YES
cross_clock_analysis               : NO
verilog2001                        : YES
Optimize Instantiated Primitives   : NO

=========================================================================


=========================================================================
*                          HDL Compilation                              *
=========================================================================
Compiling vhdl file D:/WORK/FPGA-XPU-D/DPRAM.vhd in Library work.
Entity <dpram> (Architecture <behavioral>) compiled.

=========================================================================
*                            HDL Analysis                               *
=========================================================================
Analyzing Entity <dpram> (Architecture <behavioral>).
WARNING:Xst:753 - D:/WORK/FPGA-XPU-D/DPRAM.vhd line 68: Unconnected output port 'SPO' of component 'RAM16X1D'.
WARNING:Xst:766 - D:/WORK/FPGA-XPU-D/DPRAM.vhd line 68: Generating a Black Box for component <RAM16X1D>.
WARNING:Xst:753 - D:/WORK/FPGA-XPU-D/DPRAM.vhd line 68: Unconnected output port 'SPO' of component 'RAM16X1D'.
WARNING:Xst:766 - D:/WORK/FPGA-XPU-D/DPRAM.vhd line 68: Generating a Black Box for component <RAM16X1D>.
WARNING:Xst:753 - D:/WORK/FPGA-XPU-D/DPRAM.vhd line 68: Unconnected output port 'SPO' of component 'RAM16X1D'.
WARNING:Xst:766 - D:/WORK/FPGA-XPU-D/DPRAM.vhd line 68: Generating a Black Box for component <RAM16X1D>.
WARNING:Xst:753 - D:/WORK/FPGA-XPU-D/DPRAM.vhd line 68: Unconnected output port 'SPO' of component 'RAM16X1D'.
WARNING:Xst:766 - D:/WORK/FPGA-XPU-D/DPRAM.vhd line 68: Generating a Black Box for component <RAM16X1D>.
WARNING:Xst:753 - D:/WORK/FPGA-XPU-D/DPRAM.vhd line 68: Unconnected output port 'SPO' of component 'RAM16X1D'.
WARNING:Xst:766 - D:/WORK/FPGA-XPU-D/DPRAM.vhd line 68: Generating a Black Box for component <RAM16X1D>.
WARNING:Xst:753 - D:/WORK/FPGA-XPU-D/DPRAM.vhd line 68: Unconnected output port 'SPO' of component 'RAM16X1D'.
WARNING:Xst:766 - D:/WORK/FPGA-XPU-D/DPRAM.vhd line 68: Generating a Black Box for component <RAM16X1D>.
WARNING:Xst:753 - D:/WORK/FPGA-XPU-D/DPRAM.vhd line 68: Unconnected output port 'SPO' of component 'RAM16X1D'.
WARNING:Xst:766 - D:/WORK/FPGA-XPU-D/DPRAM.vhd line 68: Generating a Black Box for component <RAM16X1D>.
WARNING:Xst:753 - D:/WORK/FPGA-XPU-D/DPRAM.vhd line 68: Unconnected output port 'SPO' of component 'RAM16X1D'.
WARNING:Xst:766 - D:/WORK/FPGA-XPU-D/DPRAM.vhd line 68: Generating a Black Box for component <RAM16X1D>.
Entity <dpram> analyzed. Unit <dpram> generated.


=========================================================================
*                           HDL Synthesis                               *
=========================================================================

Synthesizing Unit <dpram>.
    Related source file is D:/WORK/FPGA-XPU-D/DPRAM.vhd.
WARNING:Xst:1306 - Output <O_DATA_OUT_DP> is never assigned.
WARNING:Xst:646 - Signal <DATA_OUT_DP> is assigned but never used.
Unit <dpram> synthesized.


=========================================================================
HDL Synthesis Report

Found no macro
=========================================================================

=========================================================================
*                       Advanced HDL Synthesis                          *
=========================================================================


=========================================================================
*                         Low Level Synthesis                           *
=========================================================================

Optimizing unit <dpram> ...
Loading device for application Xst from file 'v100.nph' in environment C:/Xilinx.

Mapping all equations...
Building and optimizing final netlist ...
Found area constraint ratio of 100 (+ 5) on block dpram, actual ratio is 0.

=========================================================================
*                            Final Report                               *
=========================================================================
Final Results
RTL Top Level Output File Name     : dpram.ngr
Top Level Output File Name         : dpram
Output Format                      : NGC
Optimization Goal                  : Speed
Keep Hierarchy                     : NO

Design Statistics
# IOs                              : 26

Cell Usage :
# RAMS                             : 8
#      RAM16X1D                    : 8
# Clock Buffers                    : 1
#      BUFGP                       : 1
# IO Buffers                       : 17
#      IBUF                        : 17
=========================================================================

Device utilization summary:
---------------------------

Selected Device : 2s100tq144-5 

 Number of Slices:                      12  out of   1200     1%  
 Number of 4 input LUTs:                 8  out of   2400     0%  
 Number of bonded IOBs:                 17  out of     96    17%  
 Number of GCLKs:                        1  out of      4    25%  


=========================================================================
TIMING REPORT

NOTE: THESE TIMING NUMBERS ARE ONLY A SYNTHESIS ESTIMATE.
      FOR ACCURATE TIMING INFORMATION PLEASE REFER TO THE TRACE REPORT
      GENERATED AFTER PLACE-and-ROUTE.

Clock Information:
------------------
-----------------------------------+------------------------+-------+
Clock Signal                       | Clock buffer(FF name)  | Load  |
-----------------------------------+------------------------+-------+
CLK                                | BUFGP                  | 8     |
-----------------------------------+------------------------+-------+

Timing Summary:
---------------
Speed Grade: -5

   Minimum period: No path found
   Minimum input arrival time before clock: 2.898ns
   Maximum output required time after clock: No path found
   Maximum combinational path delay: No path found

Timing Detail:
--------------
All values displayed in nanoseconds (ns)

-------------------------------------------------------------------------
Timing constraint: Default OFFSET IN BEFORE for Clock 'CLK'
Offset:              2.898ns (Levels of Logic = 1)
  Source:            DATA_IN<7> (PAD)
  Destination:       U_RAM16X1D7 (RAM)
  Destination Clock: CLK rising

  Data Path: DATA_IN<7> to U_RAM16X1D7
                                Gate     Net
    Cell:in->out      fanout   Delay   Delay  Logical Name (Net Name)
    ----------------------------------------  ------------
     IBUF:I->O             1   0.924   1.150  DATA_IN_7_IBUF (DATA_IN_7_IBUF)
     RAM16X1D:D                0.824          U_RAM16X1D7
    ----------------------------------------
    Total                      2.898ns (1.748ns logic, 1.150ns route)
                                       (60.3% logic, 39.7% route)

=========================================================================
CPU : 0.89 / 1.36 s | Elapsed : 1.00 / 1.00 s
 
--> 

Total memory usage is 55632 kilobytes


